  Determining projects to restore...
  All projects are up-to-date for restore.
C:\Program Files\dotnet\sdk\9.0.311\Microsoft.Common.CurrentVersion.targets(5394,5): warning MSB3026: Could not copy "C:\EduSyncAI\EduSyncAI.WebAPI\obj\Debug\net9.0\apphost.exe" to "bin\Debug\net9.0\EduSyncAI.WebAPI.exe". Beginning retry 1 in 1000ms. The process cannot access the file 'C:\EduSyncAI\EduSyncAI.WebAPI\bin\Debug\net9.0\EduSyncAI.WebAPI.exe' because it is being used by another process. The file is locked by: "EduSyncAI.WebAPI (16136)" [C:\EduSyncAI\EduSyncAI.WebAPI\EduSyncAI.WebAPI.csproj]
C:\Program Files\dotnet\sdk\9.0.311\Microsoft.Common.CurrentVersion.targets(5394,5): warning MSB3026: Could not copy "C:\EduSyncAI\EduSyncAI.WebAPI\obj\Debug\net9.0\apphost.exe" to "bin\Debug\net9.0\EduSyncAI.WebAPI.exe". Beginning retry 2 in 1000ms. The process cannot access the file 'C:\EduSyncAI\EduSyncAI.WebAPI\bin\Debug\net9.0\EduSyncAI.WebAPI.exe' because it is being used by another process. The file is locked by: "EduSyncAI.WebAPI (16136)" [C:\EduSyncAI\EduSyncAI.WebAPI\EduSyncAI.WebAPI.csproj]
C:\Program Files\dotnet\sdk\9.0.311\Microsoft.Common.CurrentVersion.targets(5394,5): warning MSB3026: Could not copy "C:\EduSyncAI\EduSyncAI.WebAPI\obj\Debug\net9.0\apphost.exe" to "bin\Debug\net9.0\EduSyncAI.WebAPI.exe". Beginning retry 3 in 1000ms. The process cannot access the file 'C:\EduSyncAI\EduSyncAI.WebAPI\bin\Debug\net9.0\EduSyncAI.WebAPI.exe' because it is being used by another process. The file is locked by: "EduSyncAI.WebAPI (16136)" [C:\EduSyncAI\EduSyncAI.WebAPI\EduSyncAI.WebAPI.csproj]
C:\Program Files\dotnet\sdk\9.0.311\Microsoft.Common.CurrentVersion.targets(5394,5): warning MSB3026: Could not copy "C:\EduSyncAI\EduSyncAI.WebAPI\obj\Debug\net9.0\apphost.exe" to "bin\Debug\net9.0\EduSyncAI.WebAPI.exe". Beginning retry 4 in 1000ms. The process cannot access the file 'C:\EduSyncAI\EduSyncAI.WebAPI\bin\Debug\net9.0\EduSyncAI.WebAPI.exe' because it is being used by another process. The file is locked by: "EduSyncAI.WebAPI (16136)" [C:\EduSyncAI\EduSyncAI.WebAPI\EduSyncAI.WebAPI.csproj]
C:\Program Files\dotnet\sdk\9.0.311\Microsoft.Common.CurrentVersion.targets(5394,5): warning MSB3026: Could not copy "C:\EduSyncAI\EduSyncAI.WebAPI\obj\Debug\net9.0\apphost.exe" to "bin\Debug\net9.0\EduSyncAI.WebAPI.exe". Beginning retry 5 in 1000ms. The process cannot access the file 'C:\EduSyncAI\EduSyncAI.WebAPI\bin\Debug\net9.0\EduSyncAI.WebAPI.exe' because it is being used by another process. The file is locked by: "EduSyncAI.WebAPI (16136)" [C:\EduSyncAI\EduSyncAI.WebAPI\EduSyncAI.WebAPI.csproj]
C:\Program Files\dotnet\sdk\9.0.311\Microsoft.Common.CurrentVersion.targets(5394,5): warning MSB3026: Could not copy "C:\EduSyncAI\EduSyncAI.WebAPI\obj\Debug\net9.0\apphost.exe" to "bin\Debug\net9.0\EduSyncAI.WebAPI.exe". Beginning retry 6 in 1000ms. The process cannot access the file 'C:\EduSyncAI\EduSyncAI.WebAPI\bin\Debug\net9.0\EduSyncAI.WebAPI.exe' because it is being used by another process. The file is locked by: "EduSyncAI.WebAPI (16136)" [C:\EduSyncAI\EduSyncAI.WebAPI\EduSyncAI.WebAPI.csproj]
C:\Program Files\dotnet\sdk\9.0.311\Microsoft.Common.CurrentVersion.targets(5394,5): warning MSB3026: Could not copy "C:\EduSyncAI\EduSyncAI.WebAPI\obj\Debug\net9.0\apphost.exe" to "bin\Debug\net9.0\EduSyncAI.WebAPI.exe". Beginning retry 7 in 1000ms. The process cannot access the file 'C:\EduSyncAI\EduSyncAI.WebAPI\bin\Debug\net9.0\EduSyncAI.WebAPI.exe' because it is being used by another process. The file is locked by: "EduSyncAI.WebAPI (16136)" [C:\EduSyncAI\EduSyncAI.WebAPI\EduSyncAI.WebAPI.csproj]
C:\Program Files\dotnet\sdk\9.0.311\Microsoft.Common.CurrentVersion.targets(5394,5): warning MSB3026: Could not copy "C:\EduSyncAI\EduSyncAI.WebAPI\obj\Debug\net9.0\apphost.exe" to "bin\Debug\net9.0\EduSyncAI.WebAPI.exe". Beginning retry 8 in 1000ms. The process cannot access the file 'C:\EduSyncAI\EduSyncAI.WebAPI\bin\Debug\net9.0\EduSyncAI.WebAPI.exe' because it is being used by another process. The file is locked by: "EduSyncAI.WebAPI (16136)" [C:\EduSyncAI\EduSyncAI.WebAPI\EduSyncAI.WebAPI.csproj]
C:\Program Files\dotnet\sdk\9.0.311\Microsoft.Common.CurrentVersion.targets(5394,5): warning MSB3026: Could not copy "C:\EduSyncAI\EduSyncAI.WebAPI\obj\Debug\net9.0\apphost.exe" to "bin\Debug\net9.0\EduSyncAI.WebAPI.exe". Beginning retry 9 in 1000ms. The process cannot access the file 'C:\EduSyncAI\EduSyncAI.WebAPI\bin\Debug\net9.0\EduSyncAI.WebAPI.exe' because it is being used by another process. The file is locked by: "EduSyncAI.WebAPI (16136)" [C:\EduSyncAI\EduSyncAI.WebAPI\EduSyncAI.WebAPI.csproj]
C:\Program Files\dotnet\sdk\9.0.311\Microsoft.Common.CurrentVersion.targets(5394,5): warning MSB3026: Could not copy "C:\EduSyncAI\EduSyncAI.WebAPI\obj\Debug\net9.0\apphost.exe" to "bin\Debug\net9.0\EduSyncAI.WebAPI.exe". Beginning retry 10 in 1000ms. The process cannot access the file 'C:\EduSyncAI\EduSyncAI.WebAPI\bin\Debug\net9.0\EduSyncAI.WebAPI.exe' because it is being used by another process. The file is locked by: "EduSyncAI.WebAPI (16136)" [C:\EduSyncAI\EduSyncAI.WebAPI\EduSyncAI.WebAPI.csproj]
C:\Program Files\dotnet\sdk\9.0.311\Microsoft.Common.CurrentVersion.targets(5394,5): error MSB3027: Could not copy "C:\EduSyncAI\EduSyncAI.WebAPI\obj\Debug\net9.0\apphost.exe" to "bin\Debug\net9.0\EduSyncAI.WebAPI.exe". Exceeded retry count of 10. Failed. The file is locked by: "EduSyncAI.WebAPI (16136)" [C:\EduSyncAI\EduSyncAI.WebAPI\EduSyncAI.WebAPI.csproj]
C:\Program Files\dotnet\sdk\9.0.311\Microsoft.Common.CurrentVersion.targets(5394,5): error MSB3021: Unable to copy file "C:\EduSyncAI\EduSyncAI.WebAPI\obj\Debug\net9.0\apphost.exe" to "bin\Debug\net9.0\EduSyncAI.WebAPI.exe". The process cannot access the file 'C:\EduSyncAI\EduSyncAI.WebAPI\bin\Debug\net9.0\EduSyncAI.WebAPI.exe' because it is being used by another process. [C:\EduSyncAI\EduSyncAI.WebAPI\EduSyncAI.WebAPI.csproj]

Build FAILED.

C:\Program Files\dotnet\sdk\9.0.311\Microsoft.Common.CurrentVersion.targets(5394,5): warning MSB3026: Could not copy "C:\EduSyncAI\EduSyncAI.WebAPI\obj\Debug\net9.0\apphost.exe" to "bin\Debug\net9.0\EduSyncAI.WebAPI.exe". Beginning retry 1 in 1000ms. The process cannot access the file 'C:\EduSyncAI\EduSyncAI.WebAPI\bin\Debug\net9.0\EduSyncAI.WebAPI.exe' because it is being used by another process. The file is locked by: "EduSyncAI.WebAPI (16136)" [C:\EduSyncAI\EduSyncAI.WebAPI\EduSyncAI.WebAPI.csproj]
C:\Program Files\dotnet\sdk\9.0.311\Microsoft.Common.CurrentVersion.targets(5394,5): warning MSB3026: Could not copy "C:\EduSyncAI\EduSyncAI.WebAPI\obj\Debug\net9.0\apphost.exe" to "bin\Debug\net9.0\EduSyncAI.WebAPI.exe". Beginning retry 2 in 1000ms. The process cannot access the file 'C:\EduSyncAI\EduSyncAI.WebAPI\bin\Debug\net9.0\EduSyncAI.WebAPI.exe' because it is being used by another process. The file is locked by: "EduSyncAI.WebAPI (16136)" [C:\EduSyncAI\EduSyncAI.WebAPI\EduSyncAI.WebAPI.csproj]
C:\Program Files\dotnet\sdk\9.0.311\Microsoft.Common.CurrentVersion.targets(5394,5): warning MSB3026: Could not copy "C:\EduSyncAI\EduSyncAI.WebAPI\obj\Debug\net9.0\apphost.exe" to "bin\Debug\net9.0\EduSyncAI.WebAPI.exe". Beginning retry 3 in 1000ms. The process cannot access the file 'C:\EduSyncAI\EduSyncAI.WebAPI\bin\Debug\net9.0\EduSyncAI.WebAPI.exe' because it is being used by another process. The file is locked by: "EduSyncAI.WebAPI (16136)" [C:\EduSyncAI\EduSyncAI.WebAPI\EduSyncAI.WebAPI.csproj]
C:\Program Files\dotnet\sdk\9.0.311\Microsoft.Common.CurrentVersion.targets(5394,5): warning MSB3026: Could not copy "C:\EduSyncAI\EduSyncAI.WebAPI\obj\Debug\net9.0\apphost.exe" to "bin\Debug\net9.0\EduSyncAI.WebAPI.exe". Beginning retry 4 in 1000ms. The process cannot access the file 'C:\EduSyncAI\EduSyncAI.WebAPI\bin\Debug\net9.0\EduSyncAI.WebAPI.exe' because it is being used by another process. The file is locked by: "EduSyncAI.WebAPI (16136)" [C:\EduSyncAI\EduSyncAI.WebAPI\EduSyncAI.WebAPI.csproj]
C:\Program Files\dotnet\sdk\9.0.311\Microsoft.Common.CurrentVersion.targets(5394,5): warning MSB3026: Could not copy "C:\EduSyncAI\EduSyncAI.WebAPI\obj\Debug\net9.0\apphost.exe" to "bin\Debug\net9.0\EduSyncAI.WebAPI.exe". Beginning retry 5 in 1000ms. The process cannot access the file 'C:\EduSyncAI\EduSyncAI.WebAPI\bin\Debug\net9.0\EduSyncAI.WebAPI.exe' because it is being used by another process. The file is locked by: "EduSyncAI.WebAPI (16136)" [C:\EduSyncAI\EduSyncAI.WebAPI\EduSyncAI.WebAPI.csproj]
C:\Program Files\dotnet\sdk\9.0.311\Microsoft.Common.CurrentVersion.targets(5394,5): warning MSB3026: Could not copy "C:\EduSyncAI\EduSyncAI.WebAPI\obj\Debug\net9.0\apphost.exe" to "bin\Debug\net9.0\EduSyncAI.WebAPI.exe". Beginning retry 6 in 1000ms. The process cannot access the file 'C:\EduSyncAI\EduSyncAI.WebAPI\bin\Debug\net9.0\EduSyncAI.WebAPI.exe' because it is being used by another process. The file is locked by: "EduSyncAI.WebAPI (16136)" [C:\EduSyncAI\EduSyncAI.WebAPI\EduSyncAI.WebAPI.csproj]
C:\Program Files\dotnet\sdk\9.0.311\Microsoft.Common.CurrentVersion.targets(5394,5): warning MSB3026: Could not copy "C:\EduSyncAI\EduSyncAI.WebAPI\obj\Debug\net9.0\apphost.exe" to "bin\Debug\net9.0\EduSyncAI.WebAPI.exe". Beginning retry 7 in 1000ms. The process cannot access the file 'C:\EduSyncAI\EduSyncAI.WebAPI\bin\Debug\net9.0\EduSyncAI.WebAPI.exe' because it is being used by another process. The file is locked by: "EduSyncAI.WebAPI (16136)" [C:\EduSyncAI\EduSyncAI.WebAPI\EduSyncAI.WebAPI.csproj]
C:\Program Files\dotnet\sdk\9.0.311\Microsoft.Common.CurrentVersion.targets(5394,5): warning MSB3026: Could not copy "C:\EduSyncAI\EduSyncAI.WebAPI\obj\Debug\net9.0\apphost.exe" to "bin\Debug\net9.0\EduSyncAI.WebAPI.exe". Beginning retry 8 in 1000ms. The process cannot access the file 'C:\EduSyncAI\EduSyncAI.WebAPI\bin\Debug\net9.0\EduSyncAI.WebAPI.exe' because it is being used by another process. The file is locked by: "EduSyncAI.WebAPI (16136)" [C:\EduSyncAI\EduSyncAI.WebAPI\EduSyncAI.WebAPI.csproj]
C:\Program Files\dotnet\sdk\9.0.311\Microsoft.Common.CurrentVersion.targets(5394,5): warning MSB3026: Could not copy "C:\EduSyncAI\EduSyncAI.WebAPI\obj\Debug\net9.0\apphost.exe" to "bin\Debug\net9.0\EduSyncAI.WebAPI.exe". Beginning retry 9 in 1000ms. The process cannot access the file 'C:\EduSyncAI\EduSyncAI.WebAPI\bin\Debug\net9.0\EduSyncAI.WebAPI.exe' because it is being used by another process. The file is locked by: "EduSyncAI.WebAPI (16136)" [C:\EduSyncAI\EduSyncAI.WebAPI\EduSyncAI.WebAPI.csproj]
C:\Program Files\dotnet\sdk\9.0.311\Microsoft.Common.CurrentVersion.targets(5394,5): warning MSB3026: Could not copy "C:\EduSyncAI\EduSyncAI.WebAPI\obj\Debug\net9.0\apphost.exe" to "bin\Debug\net9.0\EduSyncAI.WebAPI.exe". Beginning retry 10 in 1000ms. The process cannot access the file 'C:\EduSyncAI\EduSyncAI.WebAPI\bin\Debug\net9.0\EduSyncAI.WebAPI.exe' because it is being used by another process. The file is locked by: "EduSyncAI.WebAPI (16136)" [C:\EduSyncAI\EduSyncAI.WebAPI\EduSyncAI.WebAPI.csproj]
C:\Program Files\dotnet\sdk\9.0.311\Microsoft.Common.CurrentVersion.targets(5394,5): error MSB3027: Could not copy "C:\EduSyncAI\EduSyncAI.WebAPI\obj\Debug\net9.0\apphost.exe" to "bin\Debug\net9.0\EduSyncAI.WebAPI.exe". Exceeded retry count of 10. Failed. The file is locked by: "EduSyncAI.WebAPI (16136)" [C:\EduSyncAI\EduSyncAI.WebAPI\EduSyncAI.WebAPI.csproj]
C:\Program Files\dotnet\sdk\9.0.311\Microsoft.Common.CurrentVersion.targets(5394,5): error MSB3021: Unable to copy file "C:\EduSyncAI\EduSyncAI.WebAPI\obj\Debug\net9.0\apphost.exe" to "bin\Debug\net9.0\EduSyncAI.WebAPI.exe". The process cannot access the file 'C:\EduSyncAI\EduSyncAI.WebAPI\bin\Debug\net9.0\EduSyncAI.WebAPI.exe' because it is being used by another process. [C:\EduSyncAI\EduSyncAI.WebAPI\EduSyncAI.WebAPI.csproj]
    10 Warning(s)
    2 Error(s)

Time Elapsed 00:00:13.07
