  Determining projects to restore...
  All projects are up-to-date for restore.
C:\EduSyncAI\DbChecker2\Program.cs(1,50): error CS0260: Missing partial modifier on declaration of type 'Program'; another partial declaration of this type exists [C:\EduSyncAI\EduSyncAI_iezblt3w_wpftmp.csproj]
C:\EduSyncAI\DiagnoseGemini.cs(5,7): error CS0260: Missing partial modifier on declaration of type 'Program'; another partial declaration of this type exists [C:\EduSyncAI\EduSyncAI_iezblt3w_wpftmp.csproj]
C:\EduSyncAI\obj\Debug\net9.0-windows10.0.19041.0\.NETCoreApp,Version=v9.0.AssemblyAttributes.cs(4,12): error CS0579: Duplicate 'global::System.Runtime.Versioning.TargetFrameworkAttribute' attribute [C:\EduSyncAI\EduSyncAI_iezblt3w_wpftmp.csproj]
C:\EduSyncAI\obj\Debug\net9.0-windows10.0.19041.0\EduSyncAI_iezblt3w_wpftmp.AssemblyInfo.cs(13,12): error CS0579: Duplicate 'System.Reflection.AssemblyCompanyAttribute' attribute [C:\EduSyncAI\EduSyncAI_iezblt3w_wpftmp.csproj]
C:\EduSyncAI\obj\Debug\net9.0-windows10.0.19041.0\EduSyncAI_iezblt3w_wpftmp.AssemblyInfo.cs(14,12): error CS0579: Duplicate 'System.Reflection.AssemblyConfigurationAttribute' attribute [C:\EduSyncAI\EduSyncAI_iezblt3w_wpftmp.csproj]
C:\EduSyncAI\obj\Debug\net9.0-windows10.0.19041.0\EduSyncAI_iezblt3w_wpftmp.AssemblyInfo.cs(15,12): error CS0579: Duplicate 'System.Reflection.AssemblyFileVersionAttribute' attribute [C:\EduSyncAI\EduSyncAI_iezblt3w_wpftmp.csproj]
C:\EduSyncAI\obj\Debug\net9.0-windows10.0.19041.0\EduSyncAI_iezblt3w_wpftmp.AssemblyInfo.cs(16,12): error CS0579: Duplicate 'System.Reflection.AssemblyInformationalVersionAttribute' attribute [C:\EduSyncAI\EduSyncAI_iezblt3w_wpftmp.csproj]
C:\EduSyncAI\obj\Debug\net9.0-windows10.0.19041.0\EduSyncAI_iezblt3w_wpftmp.AssemblyInfo.cs(17,12): error CS0579: Duplicate 'System.Reflection.AssemblyProductAttribute' attribute [C:\EduSyncAI\EduSyncAI_iezblt3w_wpftmp.csproj]
C:\EduSyncAI\obj\Debug\net9.0-windows10.0.19041.0\EduSyncAI_iezblt3w_wpftmp.AssemblyInfo.cs(18,12): error CS0579: Duplicate 'System.Reflection.AssemblyTitleAttribute' attribute [C:\EduSyncAI\EduSyncAI_iezblt3w_wpftmp.csproj]
C:\EduSyncAI\obj\Debug\net9.0-windows10.0.19041.0\EduSyncAI_iezblt3w_wpftmp.AssemblyInfo.cs(19,12): error CS0579: Duplicate 'System.Reflection.AssemblyVersionAttribute' attribute [C:\EduSyncAI\EduSyncAI_iezblt3w_wpftmp.csproj]
C:\EduSyncAI\Services\SessionManagementService.cs(18,84): warning CS8625: Cannot convert null literal to non-nullable reference type. [C:\EduSyncAI\EduSyncAI_iezblt3w_wpftmp.csproj]
C:\EduSyncAI\Services\SessionManagementService.cs(99,76): warning CS8625: Cannot convert null literal to non-nullable reference type. [C:\EduSyncAI\EduSyncAI_iezblt3w_wpftmp.csproj]
C:\EduSyncAI\Services\SessionManagementService.cs(99,101): warning CS8625: Cannot convert null literal to non-nullable reference type. [C:\EduSyncAI\EduSyncAI_iezblt3w_wpftmp.csproj]
C:\EduSyncAI\Services\SessionManagementService.cs(99,126): warning CS8625: Cannot convert null literal to non-nullable reference type. [C:\EduSyncAI\EduSyncAI_iezblt3w_wpftmp.csproj]
C:\EduSyncAI\Services\SessionManagementService.cs(99,156): warning CS8625: Cannot convert null literal to non-nullable reference type. [C:\EduSyncAI\EduSyncAI_iezblt3w_wpftmp.csproj]
C:\EduSyncAI\Services\AuthenticationService.cs(77,113): warning CS8625: Cannot convert null literal to non-nullable reference type. [C:\EduSyncAI\EduSyncAI_iezblt3w_wpftmp.csproj]
C:\EduSyncAI\ViewModels\LecturerPrepViewModel.cs(62,50): warning CS8612: Nullability of reference types in type of 'event PropertyChangedEventHandler LecturerPrepViewModel.PropertyChanged' doesn't match implicitly implemented member 'event PropertyChangedEventHandler? INotifyPropertyChanged.PropertyChanged'. [C:\EduSyncAI\EduSyncAI_iezblt3w_wpftmp.csproj]
C:\EduSyncAI\ViewModels\MainViewModel.cs(36,50): warning CS8612: Nullability of reference types in type of 'event PropertyChangedEventHandler MainViewModel.PropertyChanged' doesn't match implicitly implemented member 'event PropertyChangedEventHandler? INotifyPropertyChanged.PropertyChanged'. [C:\EduSyncAI\EduSyncAI_iezblt3w_wpftmp.csproj]
C:\EduSyncAI\ViewModels\SessionManagementViewModel.cs(76,50): warning CS8612: Nullability of reference types in type of 'event PropertyChangedEventHandler SessionManagementViewModel.PropertyChanged' doesn't match implicitly implemented member 'event PropertyChangedEventHandler? INotifyPropertyChanged.PropertyChanged'. [C:\EduSyncAI\EduSyncAI_iezblt3w_wpftmp.csproj]

Build FAILED.

C:\EduSyncAI\Services\SessionManagementService.cs(18,84): warning CS8625: Cannot convert null literal to non-nullable reference type. [C:\EduSyncAI\EduSyncAI_iezblt3w_wpftmp.csproj]
C:\EduSyncAI\Services\SessionManagementService.cs(99,76): warning CS8625: Cannot convert null literal to non-nullable reference type. [C:\EduSyncAI\EduSyncAI_iezblt3w_wpftmp.csproj]
C:\EduSyncAI\Services\SessionManagementService.cs(99,101): warning CS8625: Cannot convert null literal to non-nullable reference type. [C:\EduSyncAI\EduSyncAI_iezblt3w_wpftmp.csproj]
C:\EduSyncAI\Services\SessionManagementService.cs(99,126): warning CS8625: Cannot convert null literal to non-nullable reference type. [C:\EduSyncAI\EduSyncAI_iezblt3w_wpftmp.csproj]
C:\EduSyncAI\Services\SessionManagementService.cs(99,156): warning CS8625: Cannot convert null literal to non-nullable reference type. [C:\EduSyncAI\EduSyncAI_iezblt3w_wpftmp.csproj]
C:\EduSyncAI\Services\AuthenticationService.cs(77,113): warning CS8625: Cannot convert null literal to non-nullable reference type. [C:\EduSyncAI\EduSyncAI_iezblt3w_wpftmp.csproj]
C:\EduSyncAI\ViewModels\LecturerPrepViewModel.cs(62,50): warning CS8612: Nullability of reference types in type of 'event PropertyChangedEventHandler LecturerPrepViewModel.PropertyChanged' doesn't match implicitly implemented member 'event PropertyChangedEventHandler? INotifyPropertyChanged.PropertyChanged'. [C:\EduSyncAI\EduSyncAI_iezblt3w_wpftmp.csproj]
C:\EduSyncAI\ViewModels\MainViewModel.cs(36,50): warning CS8612: Nullability of reference types in type of 'event PropertyChangedEventHandler MainViewModel.PropertyChanged' doesn't match implicitly implemented member 'event PropertyChangedEventHandler? INotifyPropertyChanged.PropertyChanged'. [C:\EduSyncAI\EduSyncAI_iezblt3w_wpftmp.csproj]
C:\EduSyncAI\ViewModels\SessionManagementViewModel.cs(76,50): warning CS8612: Nullability of reference types in type of 'event PropertyChangedEventHandler SessionManagementViewModel.PropertyChanged' doesn't match implicitly implemented member 'event PropertyChangedEventHandler? INotifyPropertyChanged.PropertyChanged'. [C:\EduSyncAI\EduSyncAI_iezblt3w_wpftmp.csproj]
C:\EduSyncAI\DbChecker2\Program.cs(1,50): error CS0260: Missing partial modifier on declaration of type 'Program'; another partial declaration of this type exists [C:\EduSyncAI\EduSyncAI_iezblt3w_wpftmp.csproj]
C:\EduSyncAI\DiagnoseGemini.cs(5,7): error CS0260: Missing partial modifier on declaration of type 'Program'; another partial declaration of this type exists [C:\EduSyncAI\EduSyncAI_iezblt3w_wpftmp.csproj]
C:\EduSyncAI\obj\Debug\net9.0-windows10.0.19041.0\.NETCoreApp,Version=v9.0.AssemblyAttributes.cs(4,12): error CS0579: Duplicate 'global::System.Runtime.Versioning.TargetFrameworkAttribute' attribute [C:\EduSyncAI\EduSyncAI_iezblt3w_wpftmp.csproj]
C:\EduSyncAI\obj\Debug\net9.0-windows10.0.19041.0\EduSyncAI_iezblt3w_wpftmp.AssemblyInfo.cs(13,12): error CS0579: Duplicate 'System.Reflection.AssemblyCompanyAttribute' attribute [C:\EduSyncAI\EduSyncAI_iezblt3w_wpftmp.csproj]
C:\EduSyncAI\obj\Debug\net9.0-windows10.0.19041.0\EduSyncAI_iezblt3w_wpftmp.AssemblyInfo.cs(14,12): error CS0579: Duplicate 'System.Reflection.AssemblyConfigurationAttribute' attribute [C:\EduSyncAI\EduSyncAI_iezblt3w_wpftmp.csproj]
C:\EduSyncAI\obj\Debug\net9.0-windows10.0.19041.0\EduSyncAI_iezblt3w_wpftmp.AssemblyInfo.cs(15,12): error CS0579: Duplicate 'System.Reflection.AssemblyFileVersionAttribute' attribute [C:\EduSyncAI\EduSyncAI_iezblt3w_wpftmp.csproj]
C:\EduSyncAI\obj\Debug\net9.0-windows10.0.19041.0\EduSyncAI_iezblt3w_wpftmp.AssemblyInfo.cs(16,12): error CS0579: Duplicate 'System.Reflection.AssemblyInformationalVersionAttribute' attribute [C:\EduSyncAI\EduSyncAI_iezblt3w_wpftmp.csproj]
C:\EduSyncAI\obj\Debug\net9.0-windows10.0.19041.0\EduSyncAI_iezblt3w_wpftmp.AssemblyInfo.cs(17,12): error CS0579: Duplicate 'System.Reflection.AssemblyProductAttribute' attribute [C:\EduSyncAI\EduSyncAI_iezblt3w_wpftmp.csproj]
C:\EduSyncAI\obj\Debug\net9.0-windows10.0.19041.0\EduSyncAI_iezblt3w_wpftmp.AssemblyInfo.cs(18,12): error CS0579: Duplicate 'System.Reflection.AssemblyTitleAttribute' attribute [C:\EduSyncAI\EduSyncAI_iezblt3w_wpftmp.csproj]
C:\EduSyncAI\obj\Debug\net9.0-windows10.0.19041.0\EduSyncAI_iezblt3w_wpftmp.AssemblyInfo.cs(19,12): error CS0579: Duplicate 'System.Reflection.AssemblyVersionAttribute' attribute [C:\EduSyncAI\EduSyncAI_iezblt3w_wpftmp.csproj]
    9 Warning(s)
    10 Error(s)

Time Elapsed 00:00:02.83
